// Jest Snapshot v1, https://goo.gl/fbAQLP

exports[`BearerProvider default state is sent to context components 1`] = `
<div>
  {
  "setup-id": "123"
}
  <button
    onClick={[Function]}
  />
</div>
`;

exports[`BearerProvider renders basic provider tag 1`] = `
<div>
  <Unknown
    clientId="abc123"
  />
  <Context.Provider
    value={
      Object {
        "getState": [Function],
        "handlePropUpdates": [Function],
      }
    }
  />
</div>
`;
